// Jest Snapshot v1, https://goo.gl/fbAQLP

exports[`<CategoryFilter/> CategoryFilter component should render as expected 1`] = `
<label
  className="x0 x1 x2 x3 x4 x5 x6 x7 x8 x9 xa xb xc xd xe xf xg"
>
  <span
    className="x5"
  >
    children 
  </span>
  <input
    checked={false}
    className="xh xi xj xk"
    onChange={[Function]}
    type="checkbox"
  />
</label>
`;
